#-----------------------------------------------------------
# Vivado v2018.3 (64-bit)
# SW Build 2405991 on Thu Dec  6 23:36:41 MST 2018
# IP Build 2404404 on Fri Dec  7 01:43:56 MST 2018
# Start of session at: Mon May 20 10:57:00 2019
# Process ID: 2419
# Current directory: /home/ryan/vivado
# Command line: vivado
# Log file: /home/ryan/vivado/vivado.log
# Journal file: /home/ryan/vivado/vivado.jou
#-----------------------------------------------------------
start_gui
open_project /home/ryan/vivado/Seven_Segment_part_1/Seven_Segment_part_1.xpr
update_compile_order -fileset sources_1
close_project
create_project Seven_Segment_Part_2 /home/ryan/vivado/Seven_Segment_Part_2 -part xc7a35tcpg236-1
set_property simulator_language Verilog [current_project]
file mkdir /home/ryan/vivado/Seven_Segment_Part_2/Seven_Segment_Part_2.srcs/sources_1/new
close [ open /home/ryan/vivado/Seven_Segment_Part_2/Seven_Segment_Part_2.srcs/sources_1/new/Seven_Segment_II.v w ]
add_files /home/ryan/vivado/Seven_Segment_Part_2/Seven_Segment_Part_2.srcs/sources_1/new/Seven_Segment_II.v
update_compile_order -fileset sources_1
file mkdir /home/ryan/vivado/Seven_Segment_Part_2/Seven_Segment_Part_2.srcs/constrs_1
file mkdir /home/ryan/vivado/Seven_Segment_Part_2/Seven_Segment_Part_2.srcs/constrs_1/new
close [ open /home/ryan/vivado/Seven_Segment_Part_2/Seven_Segment_Part_2.srcs/constrs_1/new/pins.xdc w ]
add_files -fileset constrs_1 /home/ryan/vivado/Seven_Segment_Part_2/Seven_Segment_Part_2.srcs/constrs_1/new/pins.xdc
launch_runs synth_1 -jobs 2
wait_on_run synth_1
launch_runs impl_1 -jobs 2
wait_on_run impl_1
launch_runs impl_1 -to_step write_bitstream -jobs 2
wait_on_run impl_1
open_hw
connect_hw_server -url localhost:3121
current_hw_target [get_hw_targets */xilinx_tcf/Digilent/210183AA631AA]
set_property PARAM.FREQUENCY 15000000 [get_hw_targets */xilinx_tcf/Digilent/210183AA631AA]
open_hw_target
set_property PROGRAM.FILE {/home/ryan/vivado/Seven_Segment_Part_2/Seven_Segment_Part_2.runs/impl_1/Seven_Segment_II.bit} [get_hw_devices xc7a35t_0]
current_hw_device [get_hw_devices xc7a35t_0]
refresh_hw_device -update_hw_probes false [lindex [get_hw_devices xc7a35t_0] 0]
set_property PROBES.FILE {} [get_hw_devices xc7a35t_0]
set_property FULL_PROBES.FILE {} [get_hw_devices xc7a35t_0]
set_property PROGRAM.FILE {/home/ryan/vivado/Seven_Segment_Part_2/Seven_Segment_Part_2.runs/impl_1/Seven_Segment_II.bit} [get_hw_devices xc7a35t_0]
program_hw_devices [get_hw_devices xc7a35t_0]
refresh_hw_device [lindex [get_hw_devices xc7a35t_0] 0]
reset_run synth_1
launch_runs synth_1 -jobs 2
wait_on_run synth_1
launch_runs impl_1 -jobs 2
wait_on_run impl_1
launch_runs impl_1 -to_step write_bitstream -jobs 2
wait_on_run impl_1
refresh_hw_device [lindex [get_hw_devices xc7a35t_0] 0]
set_property PROBES.FILE {} [get_hw_devices xc7a35t_0]
set_property FULL_PROBES.FILE {} [get_hw_devices xc7a35t_0]
set_property PROGRAM.FILE {/home/ryan/vivado/Seven_Segment_Part_2/Seven_Segment_Part_2.runs/impl_1/Seven_Segment_II.bit} [get_hw_devices xc7a35t_0]
program_hw_devices [get_hw_devices xc7a35t_0]
refresh_hw_device [lindex [get_hw_devices xc7a35t_0] 0]
reset_run synth_1
launch_runs synth_1 -jobs 2
wait_on_run synth_1
launch_runs impl_1 -jobs 2
wait_on_run impl_1
launch_runs impl_1 -to_step write_bitstream -jobs 2
wait_on_run impl_1
set_property PROBES.FILE {} [get_hw_devices xc7a35t_0]
set_property FULL_PROBES.FILE {} [get_hw_devices xc7a35t_0]
set_property PROGRAM.FILE {/home/ryan/vivado/Seven_Segment_Part_2/Seven_Segment_Part_2.runs/impl_1/Seven_Segment_II.bit} [get_hw_devices xc7a35t_0]
program_hw_devices [get_hw_devices xc7a35t_0]
refresh_hw_device [lindex [get_hw_devices xc7a35t_0] 0]
close_hw
reset_run synth_1
launch_runs synth_1 -jobs 2
wait_on_run synth_1
launch_runs impl_1 -jobs 2
wait_on_run impl_1
reset_run synth_1
launch_runs synth_1 -jobs 2
wait_on_run synth_1
launch_runs impl_1 -jobs 2
wait_on_run impl_1
reset_run synth_1
launch_runs synth_1 -jobs 2
wait_on_run synth_1
launch_runs impl_1 -jobs 2
wait_on_run impl_1
launch_runs impl_1 -to_step write_bitstream -jobs 2
wait_on_run impl_1
reset_run synth_1
launch_runs synth_1 -jobs 2
wait_on_run synth_1
launch_runs impl_1 -jobs 2
wait_on_run impl_1
reset_run synth_1
launch_runs synth_1 -jobs 2
wait_on_run synth_1
launch_runs impl_1 -jobs 2
wait_on_run impl_1
reset_run synth_1
launch_runs synth_1 -jobs 2
wait_on_run synth_1
launch_runs impl_1 -jobs 2
wait_on_run impl_1
launch_runs impl_1 -to_step write_bitstream -jobs 2
wait_on_run impl_1
open_hw
connect_hw_server -url localhost:3121
current_hw_target [get_hw_targets */xilinx_tcf/Digilent/210183AA631AA]
set_property PARAM.FREQUENCY 15000000 [get_hw_targets */xilinx_tcf/Digilent/210183AA631AA]
open_hw_target
set_property PROGRAM.FILE {/home/ryan/vivado/Seven_Segment_Part_2/Seven_Segment_Part_2.runs/impl_1/Seven_Segment_II.bit} [get_hw_devices xc7a35t_0]
current_hw_device [get_hw_devices xc7a35t_0]
refresh_hw_device -update_hw_probes false [lindex [get_hw_devices xc7a35t_0] 0]
set_property PROBES.FILE {} [get_hw_devices xc7a35t_0]
set_property FULL_PROBES.FILE {} [get_hw_devices xc7a35t_0]
set_property PROGRAM.FILE {/home/ryan/vivado/Seven_Segment_Part_2/Seven_Segment_Part_2.runs/impl_1/Seven_Segment_II.bit} [get_hw_devices xc7a35t_0]
program_hw_devices [get_hw_devices xc7a35t_0]
refresh_hw_device [lindex [get_hw_devices xc7a35t_0] 0]
reset_run synth_1
launch_runs synth_1 -jobs 2
wait_on_run synth_1
launch_runs impl_1 -jobs 2
wait_on_run impl_1
reset_run synth_1
launch_runs synth_1 -jobs 2
wait_on_run synth_1
launch_runs impl_1 -jobs 2
wait_on_run impl_1
open_run impl_1
launch_runs impl_1 -to_step write_bitstream -jobs 2
wait_on_run impl_1
set_property PROBES.FILE {} [get_hw_devices xc7a35t_0]
set_property FULL_PROBES.FILE {} [get_hw_devices xc7a35t_0]
set_property PROGRAM.FILE {/home/ryan/vivado/Seven_Segment_Part_2/Seven_Segment_Part_2.runs/impl_1/Seven_Segment_II.bit} [get_hw_devices xc7a35t_0]
program_hw_devices [get_hw_devices xc7a35t_0]
refresh_hw_device [lindex [get_hw_devices xc7a35t_0] 0]
reset_run synth_1
launch_runs synth_1 -jobs 2
wait_on_run synth_1
launch_runs impl_1 -jobs 2
wait_on_run impl_1
launch_runs impl_1 -to_step write_bitstream -jobs 2
wait_on_run impl_1
set_property PROBES.FILE {} [get_hw_devices xc7a35t_0]
set_property FULL_PROBES.FILE {} [get_hw_devices xc7a35t_0]
set_property PROGRAM.FILE {/home/ryan/vivado/Seven_Segment_Part_2/Seven_Segment_Part_2.runs/impl_1/Seven_Segment_II.bit} [get_hw_devices xc7a35t_0]
program_hw_devices [get_hw_devices xc7a35t_0]
refresh_hw_device [lindex [get_hw_devices xc7a35t_0] 0]
close_project
create_project Seven_Segment_Part_3 /home/ryan/vivado/Seven_Segment_Part_3 -part xc7a35tcpg236-1
set_property simulator_language Verilog [current_project]
file mkdir /home/ryan/vivado/Seven_Segment_Part_3/Seven_Segment_Part_3.srcs/sources_1/new
close [ open /home/ryan/vivado/Seven_Segment_Part_3/Seven_Segment_Part_3.srcs/sources_1/new/Seven_Segment_III.v w ]
add_files /home/ryan/vivado/Seven_Segment_Part_3/Seven_Segment_Part_3.srcs/sources_1/new/Seven_Segment_III.v
update_compile_order -fileset sources_1
launch_runs synth_1 -jobs 2
wait_on_run synth_1
launch_runs impl_1 -jobs 2
wait_on_run impl_1
file mkdir /home/ryan/vivado/Seven_Segment_Part_3/Seven_Segment_Part_3.srcs/constrs_1
file mkdir /home/ryan/vivado/Seven_Segment_Part_3/Seven_Segment_Part_3.srcs/constrs_1/new
close [ open /home/ryan/vivado/Seven_Segment_Part_3/Seven_Segment_Part_3.srcs/constrs_1/new/pins.xdc w ]
add_files -fileset constrs_1 /home/ryan/vivado/Seven_Segment_Part_3/Seven_Segment_Part_3.srcs/constrs_1/new/pins.xdc
open_run synth_1 -name synth_1
set_property target_constrs_file /home/ryan/vivado/Seven_Segment_Part_3/Seven_Segment_Part_3.srcs/constrs_1/new/pins.xdc [current_fileset -constrset]
export_ip_user_files -of_objects  [get_files /home/ryan/vivado/Seven_Segment_Part_3/Seven_Segment_Part_3.srcs/constrs_1/new/pins.xdc] -no_script -reset -force -quiet
remove_files  -fileset constrs_1 /home/ryan/vivado/Seven_Segment_Part_3/Seven_Segment_Part_3.srcs/constrs_1/new/pins.xdc
close_design
reset_run synth_1
launch_runs synth_1 -jobs 2
wait_on_run synth_1
open_run synth_1 -name synth_1
close [ open /home/ryan/vivado/Seven_Segment_Part_3/Seven_Segment_Part_3.srcs/constrs_1/new/constraints.xdc w ]
add_files -fileset constrs_1 /home/ryan/vivado/Seven_Segment_Part_3/Seven_Segment_Part_3.srcs/constrs_1/new/constraints.xdc
set_property target_constrs_file /home/ryan/vivado/Seven_Segment_Part_3/Seven_Segment_Part_3.srcs/constrs_1/new/constraints.xdc [current_fileset -constrset]
refresh_design
export_ip_user_files -of_objects  [get_files /home/ryan/vivado/Seven_Segment_Part_3/Seven_Segment_Part_3.srcs/constrs_1/new/constraints.xdc] -no_script -reset -force -quiet
remove_files  -fileset constrs_1 /home/ryan/vivado/Seven_Segment_Part_3/Seven_Segment_Part_3.srcs/constrs_1/new/constraints.xdc
close [ open /home/ryan/vivado/Seven_Segment_Part_3/Seven_Segment_Part_3.srcs/constrs_1/new/map.xdc w ]
add_files -fileset constrs_1 /home/ryan/vivado/Seven_Segment_Part_3/Seven_Segment_Part_3.srcs/constrs_1/new/map.xdc
set_property package_pin "" [get_ports [list  {an[3]}]]
place_ports {seg[6]} W7
place_ports {seg[5]} W6
place_ports {seg[4]} U8
place_ports {seg[3]} V8
place_ports {seg[2]} U5
place_ports {seg[1]} V5
place_ports {seg[0]} U7
place_ports {sw[15]} R2
place_ports {sw[14]} T1
place_ports {sw[13]} U1
place_ports {sw[12]} W2
place_ports {sw[11]} R3
set_property package_pin "" [get_ports [list  {sw[10]}]]
place_ports {sw[10]} T2
place_ports {sw[9]} T3
place_ports {sw[8]} V2
place_ports {sw[7]} W13
place_ports {sw[6]} W14
place_ports {sw[5]} V15
place_ports {sw[4]} W15
place_ports {sw[3]} W17
place_ports {sw[2]} W16
place_ports {sw[1]} V16
place_ports {sw[0]} V17
place_ports BTN T18
set_property package_pin "" [get_ports [list  clk]]
place_ports rst U18
place_ports clk W5
place_ports {an[3]} W4
place_ports {an[2]} V4
place_ports {an[1]} U4
place_ports {an[0]} U2
refresh_design
set_property target_constrs_file /home/ryan/vivado/Seven_Segment_Part_3/Seven_Segment_Part_3.srcs/constrs_1/new/map.xdc [current_fileset -constrset]
set_property IOSTANDARD LVTTL [get_ports [list {an[3]} {an[2]} {an[1]} {an[0]}]]
set_property IOSTANDARD LVCMOS33 [get_ports [list {an[3]} {an[2]} {an[1]} {an[0]}]]
place_ports {an[3]} W4
place_ports {an[2]} V4
place_ports {an[1]} U4
place_ports {an[0]} U2
set_property IOSTANDARD LVCMOS33 [get_ports [list {seg[6]} {seg[5]} {seg[4]} {seg[3]} {seg[2]} {seg[1]} {seg[0]}]]
set_property IOSTANDARD LVCMOS33 [get_ports [list {sw[15]} {sw[14]} {sw[13]} {sw[12]} {sw[11]} {sw[10]} {sw[9]} {sw[8]} {sw[7]} {sw[6]} {sw[5]} {sw[4]} {sw[3]} {sw[2]} {sw[1]} {sw[0]}]]
place_ports {seg[6]} W7
place_ports {seg[5]} W6
place_ports {seg[4]} U8
place_ports {seg[3]} V8
place_ports {seg[2]} U5
place_ports {seg[1]} V5
place_ports {seg[0]} U7
place_ports {sw[15]} R2
place_ports {sw[14]} T1
place_ports {sw[13]} U1
place_ports {sw[12]} W2
place_ports {sw[11]} R3
place_ports {sw[10]} T2
place_ports {sw[9]} T3
place_ports {sw[8]} V2
place_ports {sw[7]} W13
place_ports {sw[6]} W14
place_ports {sw[5]} V15
place_ports {sw[4]} W15
place_ports {sw[3]} W17
place_ports {sw[2]} W16
place_ports {sw[1]} V16
place_ports {sw[0]} V17
place_ports BTN T18
place_ports clk W5
place_ports rst U18
save_constraints
reset_run synth_1
launch_runs synth_1 -jobs 2
wait_on_run synth_1
launch_runs impl_1 -jobs 2
wait_on_run impl_1
set_property IOSTANDARD LVCMOS33 [get_ports [list BTN]]
set_property IOSTANDARD LVCMOS33 [get_ports [list clk]]
set_property IOSTANDARD LVCMOS33 [get_ports [list rst]]
save_constraints -force
refresh_design
reset_run synth_1
launch_runs synth_1 -jobs 2
wait_on_run synth_1
launch_runs impl_1 -jobs 2
wait_on_run impl_1
launch_runs impl_1 -to_step write_bitstream -jobs 2
wait_on_run impl_1
open_hw
connect_hw_server -url localhost:3121
current_hw_target [get_hw_targets */xilinx_tcf/Digilent/210183AA631AA]
set_property PARAM.FREQUENCY 15000000 [get_hw_targets */xilinx_tcf/Digilent/210183AA631AA]
open_hw_target
set_property PROGRAM.FILE {/home/ryan/vivado/Seven_Segment_Part_3/Seven_Segment_Part_3.runs/impl_1/Seven_Segment_III.bit} [get_hw_devices xc7a35t_0]
current_hw_device [get_hw_devices xc7a35t_0]
refresh_hw_device -update_hw_probes false [lindex [get_hw_devices xc7a35t_0] 0]
set_property PROBES.FILE {} [get_hw_devices xc7a35t_0]
set_property FULL_PROBES.FILE {} [get_hw_devices xc7a35t_0]
set_property PROGRAM.FILE {/home/ryan/vivado/Seven_Segment_Part_3/Seven_Segment_Part_3.runs/impl_1/Seven_Segment_III.bit} [get_hw_devices xc7a35t_0]
program_hw_devices [get_hw_devices xc7a35t_0]
refresh_hw_device [lindex [get_hw_devices xc7a35t_0] 0]
close_hw
reset_run synth_1
launch_runs synth_1 -jobs 2
wait_on_run synth_1
launch_runs impl_1 -jobs 2
wait_on_run impl_1
launch_runs impl_1 -to_step write_bitstream -jobs 2
wait_on_run impl_1
open_hw
connect_hw_server -url localhost:3121
current_hw_target [get_hw_targets */xilinx_tcf/Digilent/210183AA631AA]
set_property PARAM.FREQUENCY 15000000 [get_hw_targets */xilinx_tcf/Digilent/210183AA631AA]
open_hw_target
set_property PROGRAM.FILE {/home/ryan/vivado/Seven_Segment_Part_3/Seven_Segment_Part_3.runs/impl_1/Seven_Segment_III.bit} [get_hw_devices xc7a35t_0]
current_hw_device [get_hw_devices xc7a35t_0]
refresh_hw_device -update_hw_probes false [lindex [get_hw_devices xc7a35t_0] 0]
set_property PROBES.FILE {} [get_hw_devices xc7a35t_0]
set_property FULL_PROBES.FILE {} [get_hw_devices xc7a35t_0]
set_property PROGRAM.FILE {/home/ryan/vivado/Seven_Segment_Part_3/Seven_Segment_Part_3.runs/impl_1/Seven_Segment_III.bit} [get_hw_devices xc7a35t_0]
program_hw_devices [get_hw_devices xc7a35t_0]
refresh_hw_device [lindex [get_hw_devices xc7a35t_0] 0]
